1		1		Id			_a				_a
2		1		Id			_				_
3		1		Id			abc				abc
4		1		Id			AbC				AbC
5		1		Id			____123				____123
6		1		Keyword			Program				PrOgRaM
6		8		Eof							ï¿¿
