      program
         begin
            call
               writeln
               +
                  -
                     +
                        3
                        4
                     1
                  2
