      program
         constant
            a
            123
         begin
