      program
         constant
            a
            1
         constant
            b
            Integer
            1
         constant
            c
            +
               1
               1
         constant
            d
            'Hello, world'
         begin
