      program
         type declaration
            i
            Integer
         begin
