      program
         variable
            a
            Real
         variable
            b
            Integer
         begin
