      program
         max
            parameters:
               num1
               integer
               num2
               integer
            declarations:
               variable
                  result
                  integer
            type:
               integer
            begin
               if
                  exp:
                     >
                        num1
                        num2
                  body:
                     :=
                        result
                        num1
                  else:
                     :=
                        result
                        num2
               :=
                  max
                  result
         begin
