      program
         a
            parameters:
            declarations:
            type:
               Real
            begin
         begin
