      program
         variable
            a
            Integer
            1
         begin
            call
               writeln
               a
