      program
         a
            parameters:
            declarations:
            type:
               Integer
            begin
               :=
                  a
                  10
         b
            parameters:
            declarations:
            type:
               Integer
            begin
               :=
                  b
                  20
         begin
            call
               writeln
               +
                  call
                     a
                  30
               +
                  call
                     b
                  40
