      program
         begin
            call
               writeln
               1
               'hello, world'
               2,3
