      program
         variable
            a
            Real
            10
         variable
            b
            Real
            11
         variable
            c
            Real
            12
         variable
            d
            Real
            13
         begin
            call
               writeln
               +
                  Parser.NodeNumber
            call
               writeln
               -
                  Parser.NodeNumber
            call
               writeln
               -
                  Parser.NodeUnOp
            call
               writeln
               +
                  2
                  +
                     Parser.NodeUnOp
            call
               writeln
               -
                  2
                  +
                     Parser.NodeUnOp
            call
               writeln
               +
                  2
                  3
            call
               writeln
               -
                  2
                  3
            call
               writeln
               *
                  2
                  3
            call
               writeln
               /
                  2
                  3
            call
               writeln
               +
                  a
                  3
            call
               writeln
               -
                  a
                  3
            call
               writeln
               *
                  a
                  3
            call
               writeln
               /
                  a
                  3
            call
               writeln
               +
                  a
                  a
            call
               writeln
               -
                  a
                  a
            call
               writeln
               *
                  a
                  a
            call
               writeln
               /
                  a
                  a
            call
               writeln
               +
                  +
                     +
                        a
                        b
                     c
                  d
            call
               writeln
               +
                  +
                     +
                        a
                        b
                     c
                  *
                     d
                     a
            call
               writeln
               -
                  -
                     -
                        a
                        b
                     c
                  d
            call
               writeln
               -
                  -
                     -
                        a
                        b
                     c
                  *
                     d
                     a
            call
               writeln
               /
                  *
                     /
                        a
                        b
                     c
                  b
            call
               writeln
               div
                  a
                  b
