      program
         variable
            a
            Real
            10
         variable
            b
            Real
            11
         variable
            c
            Real
            12
         variable
            d
            Real
            13
         begin
            call
               writeln
               <>
                  2
                  3
            call
               writeln
               <
                  2
                  3
            call
               writeln
               <=
                  2
                  3
            call
               writeln
               >=
                  2
                  3
            call
               writeln
               >
                  2
                  3
            call
               writeln
               =
                  2
                  3
