      program
         variable
            a
            Integer
         variable
            b
            Integer
         max
            parameters:
               num1
               integer
               num2
               integer
            declarations:
               variable
                  result
                  integer
            type:
               integer
            begin
               if
                  exp:
                     =
                        num1
                        num2
                  body:
                     :=
                        result
                        num1
                  else:
                     :=
                        result
                        num2
               :=
                  max
                  result
         begin
            :=
               a
               10
            +=
               a
               1
            -=
               a
               2
            *=
               a
               3
            /=
               a
               4
            :=
               b
               call
                  max
                  0
                  10
