      program
         max
            parameters:
               num1
               integer
               num2
               integer
            declarations:
               variable
                  result
                  integer
            type:
               integer
            begin
               if
                  exp:
                     =
                        num1
                        num2
                  body:
                     :=
                        result
                        num1
                  else:
                     :=
                        result
                        num2
               :=
                  max
                  result
         a
            parameters:
            declarations:
            type:
               Integer
            begin
               :=
                  a
                  30
         begin
            call
               writeln
               10
               ' '
               30
            call
               writeln
               a
