      program
         begin
            call
               writeln
               1
            begin
               call
                  writeln
                  2
               begin
                  call
                     writeln
                     3
                  begin
                     call
                        writeln
                        4
                  call
                     writeln
                     5
               call
                  writeln
                  6
               begin
                  call
                     writeln
                     7
               call
                  writeln
                  8
            call
               writeln
               9
            call
               writeln
               10
