      program
         variable
            i
            integer
            0
         begin
            while
               <
                  i
                  10
               begin
                  +=
                     i
                     1
                  call
                     writeln
                     i
